// Jest Snapshot v1, https://goo.gl/fbAQLP

exports[`getCourses errors if term is not found 1`] = `"Could not find current term data."`;

exports[`syncClassesCalendar creates calendar events based on classes 1`] = `
Object {
  "calendarId": "primary",
  "requestBody": Object {
    "description": "Course Id: 203976
Subject: CSCI2820-001
Credits: 3
Instructors:
	First Last - first.last@Colorado.EDU",
    "end": Object {
      "dateTime": "2020-08-24T15:35:00.000-06:00",
      "timeZone": "America/Denver",
    },
    "location": "Meets Remotely",
    "recurrence": Array [
      "RRULE:FREQ=WEEKLY;UNTIL=20201207T000000Z;WKST=SU;BYDAY=TU,TH",
    ],
    "start": Object {
      "dateTime": "2020-08-24T14:20:00.000-06:00",
      "timeZone": "America/Denver",
    },
    "summary": "Linear Algebra with Computer Science Applications",
  },
}
`;

exports[`syncClassesCalendar errors if not logged into google 1`] = `"Not logged in to google."`;
